MPLINK 4.40, Linker
Linker Map File - Created Sun Jul 06 00:29:00 2025

                                 Section Info
                  Section       Type    Address   Location Size(Bytes)
                ---------  ---------  ---------  ---------  ---------
                   .org_0       code   0x000000    program   0x000000
                   .org_1       code   0x000000    program   0x000002
                   .org_2       code   0x000004    program   0x000002
                   .org_3       code   0x000020    program   0x0000c6
                   .org_4       code   0x000200    program   0x00006a
                   .org_5       code   0x000300    program   0x00001c
                   .org_6       code   0x000400    program   0x000068
                   .org_7       code   0x000500    program   0x000018
                   .org_8       code   0x000600    program   0x00022c
.config_2007_RELOGIO_DESPERTADOR.O       code   0x002007    program   0x000002



                              Program Memory Usage 
                               Start         End      
                           ---------   ---------      
                            0x000000    0x000000      
                            0x000004    0x000004      
                            0x000020    0x000082      
                            0x000200    0x000234      
                            0x000300    0x00030d      
                            0x000400    0x000433      
                            0x000500    0x00050b      
                            0x000600    0x000715      
                            0x002007    0x002007      
            511 out of 8454 program addresses used, program memory utilization is 6%



                              Symbols - Sorted by Name
                     Name    Address   Location    Storage File                     
                ---------  ---------  ---------  --------- ---------                
                       #F   0x000602    program     static C:\USERS\HELOB\ONEDRIVE\ÁREA DE TRABALHO\TRABALHO_1_MICRO_RELO_ALARM\RELOGIO_DESPERTADOR.ASM
                       #G   0x000680    program     static C:\USERS\HELOB\ONEDRIVE\ÁREA DE TRABALHO\TRABALHO_1_MICRO_RELO_ALARM\RELOGIO_DESPERTADOR.ASM
                   AJUSTE   0x000600    program     static C:\USERS\HELOB\ONEDRIVE\ÁREA DE TRABALHO\TRABALHO_1_MICRO_RELO_ALARM\RELOGIO_DESPERTADOR.ASM
            AJUSTE_ALARME   0x00067e    program     static C:\USERS\HELOB\ONEDRIVE\ÁREA DE TRABALHO\TRABALHO_1_MICRO_RELO_ALARM\RELOGIO_DESPERTADOR.ASM
             ATIVA_ALARME   0x0006fb    program     static C:\USERS\HELOB\ONEDRIVE\ÁREA DE TRABALHO\TRABALHO_1_MICRO_RELO_ALARM\RELOGIO_DESPERTADOR.ASM
                   ATRASO   0x00007c    program     static C:\USERS\HELOB\ONEDRIVE\ÁREA DE TRABALHO\TRABALHO_1_MICRO_RELO_ALARM\RELOGIO_DESPERTADOR.ASM
              ATRASO_LOOP   0x00007e    program     static C:\USERS\HELOB\ONEDRIVE\ÁREA DE TRABALHO\TRABALHO_1_MICRO_RELO_ALARM\RELOGIO_DESPERTADOR.ASM
                 BCD27SEG   0x000500    program     static C:\USERS\HELOB\ONEDRIVE\ÁREA DE TRABALHO\TRABALHO_1_MICRO_RELO_ALARM\RELOGIO_DESPERTADOR.ASM
                     DHOR   0x000027    program     static C:\USERS\HELOB\ONEDRIVE\ÁREA DE TRABALHO\TRABALHO_1_MICRO_RELO_ALARM\RELOGIO_DESPERTADOR.ASM
                    DHORA   0x00002d    program     static C:\USERS\HELOB\ONEDRIVE\ÁREA DE TRABALHO\TRABALHO_1_MICRO_RELO_ALARM\RELOGIO_DESPERTADOR.ASM
                  DISPLAY   0x000200    program     static C:\USERS\HELOB\ONEDRIVE\ÁREA DE TRABALHO\TRABALHO_1_MICRO_RELO_ALARM\RELOGIO_DESPERTADOR.ASM
                     DMIN   0x000025    program     static C:\USERS\HELOB\ONEDRIVE\ÁREA DE TRABALHO\TRABALHO_1_MICRO_RELO_ALARM\RELOGIO_DESPERTADOR.ASM
                    DMINA   0x00002b    program     static C:\USERS\HELOB\ONEDRIVE\ÁREA DE TRABALHO\TRABALHO_1_MICRO_RELO_ALARM\RELOGIO_DESPERTADOR.ASM
                     DSEG   0x000023    program     static C:\USERS\HELOB\ONEDRIVE\ÁREA DE TRABALHO\TRABALHO_1_MICRO_RELO_ALARM\RELOGIO_DESPERTADOR.ASM
                    DSEGA   0x000029    program     static C:\USERS\HELOB\ONEDRIVE\ÁREA DE TRABALHO\TRABALHO_1_MICRO_RELO_ALARM\RELOGIO_DESPERTADOR.ASM
                   DSEGRE   0x00002e    program     static C:\USERS\HELOB\ONEDRIVE\ÁREA DE TRABALHO\TRABALHO_1_MICRO_RELO_ALARM\RELOGIO_DESPERTADOR.ASM
                    FLAGS   0x000032    program     static C:\USERS\HELOB\ONEDRIVE\ÁREA DE TRABALHO\TRABALHO_1_MICRO_RELO_ALARM\RELOGIO_DESPERTADOR.ASM
                   INICIO   0x000033    program     static C:\USERS\HELOB\ONEDRIVE\ÁREA DE TRABALHO\TRABALHO_1_MICRO_RELO_ALARM\RELOGIO_DESPERTADOR.ASM
                    INTER   0x000300    program     static C:\USERS\HELOB\ONEDRIVE\ÁREA DE TRABALHO\TRABALHO_1_MICRO_RELO_ALARM\RELOGIO_DESPERTADOR.ASM
                     LOOP   0x00005b    program     static C:\USERS\HELOB\ONEDRIVE\ÁREA DE TRABALHO\TRABALHO_1_MICRO_RELO_ALARM\RELOGIO_DESPERTADOR.ASM
                   S_TEMP   0x000031    program     static C:\USERS\HELOB\ONEDRIVE\ÁREA DE TRABALHO\TRABALHO_1_MICRO_RELO_ALARM\RELOGIO_DESPERTADOR.ASM
                     TEMP   0x000020    program     static C:\USERS\HELOB\ONEDRIVE\ÁREA DE TRABALHO\TRABALHO_1_MICRO_RELO_ALARM\RELOGIO_DESPERTADOR.ASM
                    TIMER   0x000400    program     static C:\USERS\HELOB\ONEDRIVE\ÁREA DE TRABALHO\TRABALHO_1_MICRO_RELO_ALARM\RELOGIO_DESPERTADOR.ASM
                     UHOR   0x000026    program     static C:\USERS\HELOB\ONEDRIVE\ÁREA DE TRABALHO\TRABALHO_1_MICRO_RELO_ALARM\RELOGIO_DESPERTADOR.ASM
                    UHORA   0x00002c    program     static C:\USERS\HELOB\ONEDRIVE\ÁREA DE TRABALHO\TRABALHO_1_MICRO_RELO_ALARM\RELOGIO_DESPERTADOR.ASM
                     UMIN   0x000024    program     static C:\USERS\HELOB\ONEDRIVE\ÁREA DE TRABALHO\TRABALHO_1_MICRO_RELO_ALARM\RELOGIO_DESPERTADOR.ASM
                    UMINA   0x00002a    program     static C:\USERS\HELOB\ONEDRIVE\ÁREA DE TRABALHO\TRABALHO_1_MICRO_RELO_ALARM\RELOGIO_DESPERTADOR.ASM
                     USEG   0x000022    program     static C:\USERS\HELOB\ONEDRIVE\ÁREA DE TRABALHO\TRABALHO_1_MICRO_RELO_ALARM\RELOGIO_DESPERTADOR.ASM
                    USEGA   0x000028    program     static C:\USERS\HELOB\ONEDRIVE\ÁREA DE TRABALHO\TRABALHO_1_MICRO_RELO_ALARM\RELOGIO_DESPERTADOR.ASM
                   W_TEMP   0x000030    program     static C:\USERS\HELOB\ONEDRIVE\ÁREA DE TRABALHO\TRABALHO_1_MICRO_RELO_ALARM\RELOGIO_DESPERTADOR.ASM



                              Symbols - Sorted by Address
                     Name    Address   Location    Storage File                     
                ---------  ---------  ---------  --------- ---------                
                     TEMP   0x000020    program     static C:\USERS\HELOB\ONEDRIVE\ÁREA DE TRABALHO\TRABALHO_1_MICRO_RELO_ALARM\RELOGIO_DESPERTADOR.ASM
                     USEG   0x000022    program     static C:\USERS\HELOB\ONEDRIVE\ÁREA DE TRABALHO\TRABALHO_1_MICRO_RELO_ALARM\RELOGIO_DESPERTADOR.ASM
                     DSEG   0x000023    program     static C:\USERS\HELOB\ONEDRIVE\ÁREA DE TRABALHO\TRABALHO_1_MICRO_RELO_ALARM\RELOGIO_DESPERTADOR.ASM
                     UMIN   0x000024    program     static C:\USERS\HELOB\ONEDRIVE\ÁREA DE TRABALHO\TRABALHO_1_MICRO_RELO_ALARM\RELOGIO_DESPERTADOR.ASM
                     DMIN   0x000025    program     static C:\USERS\HELOB\ONEDRIVE\ÁREA DE TRABALHO\TRABALHO_1_MICRO_RELO_ALARM\RELOGIO_DESPERTADOR.ASM
                     UHOR   0x000026    program     static C:\USERS\HELOB\ONEDRIVE\ÁREA DE TRABALHO\TRABALHO_1_MICRO_RELO_ALARM\RELOGIO_DESPERTADOR.ASM
                     DHOR   0x000027    program     static C:\USERS\HELOB\ONEDRIVE\ÁREA DE TRABALHO\TRABALHO_1_MICRO_RELO_ALARM\RELOGIO_DESPERTADOR.ASM
                    USEGA   0x000028    program     static C:\USERS\HELOB\ONEDRIVE\ÁREA DE TRABALHO\TRABALHO_1_MICRO_RELO_ALARM\RELOGIO_DESPERTADOR.ASM
                    DSEGA   0x000029    program     static C:\USERS\HELOB\ONEDRIVE\ÁREA DE TRABALHO\TRABALHO_1_MICRO_RELO_ALARM\RELOGIO_DESPERTADOR.ASM
                    UMINA   0x00002a    program     static C:\USERS\HELOB\ONEDRIVE\ÁREA DE TRABALHO\TRABALHO_1_MICRO_RELO_ALARM\RELOGIO_DESPERTADOR.ASM
                    DMINA   0x00002b    program     static C:\USERS\HELOB\ONEDRIVE\ÁREA DE TRABALHO\TRABALHO_1_MICRO_RELO_ALARM\RELOGIO_DESPERTADOR.ASM
                    UHORA   0x00002c    program     static C:\USERS\HELOB\ONEDRIVE\ÁREA DE TRABALHO\TRABALHO_1_MICRO_RELO_ALARM\RELOGIO_DESPERTADOR.ASM
                    DHORA   0x00002d    program     static C:\USERS\HELOB\ONEDRIVE\ÁREA DE TRABALHO\TRABALHO_1_MICRO_RELO_ALARM\RELOGIO_DESPERTADOR.ASM
                   DSEGRE   0x00002e    program     static C:\USERS\HELOB\ONEDRIVE\ÁREA DE TRABALHO\TRABALHO_1_MICRO_RELO_ALARM\RELOGIO_DESPERTADOR.ASM
                   W_TEMP   0x000030    program     static C:\USERS\HELOB\ONEDRIVE\ÁREA DE TRABALHO\TRABALHO_1_MICRO_RELO_ALARM\RELOGIO_DESPERTADOR.ASM
                   S_TEMP   0x000031    program     static C:\USERS\HELOB\ONEDRIVE\ÁREA DE TRABALHO\TRABALHO_1_MICRO_RELO_ALARM\RELOGIO_DESPERTADOR.ASM
                    FLAGS   0x000032    program     static C:\USERS\HELOB\ONEDRIVE\ÁREA DE TRABALHO\TRABALHO_1_MICRO_RELO_ALARM\RELOGIO_DESPERTADOR.ASM
                   INICIO   0x000033    program     static C:\USERS\HELOB\ONEDRIVE\ÁREA DE TRABALHO\TRABALHO_1_MICRO_RELO_ALARM\RELOGIO_DESPERTADOR.ASM
                     LOOP   0x00005b    program     static C:\USERS\HELOB\ONEDRIVE\ÁREA DE TRABALHO\TRABALHO_1_MICRO_RELO_ALARM\RELOGIO_DESPERTADOR.ASM
                   ATRASO   0x00007c    program     static C:\USERS\HELOB\ONEDRIVE\ÁREA DE TRABALHO\TRABALHO_1_MICRO_RELO_ALARM\RELOGIO_DESPERTADOR.ASM
              ATRASO_LOOP   0x00007e    program     static C:\USERS\HELOB\ONEDRIVE\ÁREA DE TRABALHO\TRABALHO_1_MICRO_RELO_ALARM\RELOGIO_DESPERTADOR.ASM
                  DISPLAY   0x000200    program     static C:\USERS\HELOB\ONEDRIVE\ÁREA DE TRABALHO\TRABALHO_1_MICRO_RELO_ALARM\RELOGIO_DESPERTADOR.ASM
                    INTER   0x000300    program     static C:\USERS\HELOB\ONEDRIVE\ÁREA DE TRABALHO\TRABALHO_1_MICRO_RELO_ALARM\RELOGIO_DESPERTADOR.ASM
                    TIMER   0x000400    program     static C:\USERS\HELOB\ONEDRIVE\ÁREA DE TRABALHO\TRABALHO_1_MICRO_RELO_ALARM\RELOGIO_DESPERTADOR.ASM
                 BCD27SEG   0x000500    program     static C:\USERS\HELOB\ONEDRIVE\ÁREA DE TRABALHO\TRABALHO_1_MICRO_RELO_ALARM\RELOGIO_DESPERTADOR.ASM
                   AJUSTE   0x000600    program     static C:\USERS\HELOB\ONEDRIVE\ÁREA DE TRABALHO\TRABALHO_1_MICRO_RELO_ALARM\RELOGIO_DESPERTADOR.ASM
                       #F   0x000602    program     static C:\USERS\HELOB\ONEDRIVE\ÁREA DE TRABALHO\TRABALHO_1_MICRO_RELO_ALARM\RELOGIO_DESPERTADOR.ASM
            AJUSTE_ALARME   0x00067e    program     static C:\USERS\HELOB\ONEDRIVE\ÁREA DE TRABALHO\TRABALHO_1_MICRO_RELO_ALARM\RELOGIO_DESPERTADOR.ASM
                       #G   0x000680    program     static C:\USERS\HELOB\ONEDRIVE\ÁREA DE TRABALHO\TRABALHO_1_MICRO_RELO_ALARM\RELOGIO_DESPERTADOR.ASM
             ATIVA_ALARME   0x0006fb    program     static C:\USERS\HELOB\ONEDRIVE\ÁREA DE TRABALHO\TRABALHO_1_MICRO_RELO_ALARM\RELOGIO_DESPERTADOR.ASM


